// Jest Snapshot v1, https://goo.gl/fbAQLP

exports[`FormInput component shallow renders without crashing 1`] = `ShallowWrapper {}`;
