// Jest Snapshot v1, https://goo.gl/fbAQLP

exports[`FormSubmitButton component shallow renders without crashing 1`] = `ShallowWrapper {}`;
