// Jest Snapshot v1, https://goo.gl/fbAQLP

exports[`Login shallow renders without crashing 1`] = `ShallowWrapper {}`;
